// Bun Snapshot v1, https://goo.gl/fbAQLP

exports[`TableHeader matches snapshot 1`] = `
"<DocumentFragment>
  <table>
    <thead>
      <tr>
        <th>
          Column 1
        </th>
        <th>
          Column 2
        </th>
        <th>
          Column 3
        </th>
      </tr>
    </thead>
  </table>
</DocumentFragment>"
`;
