// Bun Snapshot v1, https://goo.gl/fbAQLP

exports[`Home matches snapshot 1`] = `
"<DocumentFragment>
  <main
    class="m-4 mx-auto min-h-[calc(100vh-2rem)] max-w-4xl rounded-lg bg-white p-8 shadow-lg outline outline-1 outline-gray-200"
  >
    <h1
      class="text-4xl text-center font-semibold"
    >
      Balance Sheet
    </h1>
    <h2
      class="mt-2 text-2xl tracking-tight text-zinc-700 text-center font-semibold"
    >
      Test Company
    </h2>
    <div
      class="mt-8"
    >
      <table
        class="w-full border-collapse"
      >
        <thead>
          <tr>
            <th />
            <th>
              2023
            </th>
            <th>
              2024
            </th>
          </tr>
        </thead>
        <tbody
          class="capitalize"
        >
          <tr>
            <td
              class="py-2"
              colspan="3"
            >
              <div
                class="font-semibold text-2xl"
                data-testid="section-title"
              >
                Assets
              </div>
            </td>
          </tr>
          <tr>
            <td
              class="py-2"
              colspan="3"
            >
              <div
                class="text-xl font-semibold pl-4"
                data-testid="section-title"
              >
                Bank
              </div>
            </td>
          </tr>
          <tr
            class=""
          >
            <td
              class="px-2 py-1.5 pl-4"
            >
              My Bank Account
            </td>
            <td
              class="px-2 text-right"
            >
              ₹126.70
            </td>
            <td
              class="px-2 text-right"
            >
              ₹99.60
            </td>
          </tr>
          <tr
            class=""
          >
            <td
              class="px-2 py-1.5 pl-4"
            >
              Sample Business
            </td>
            <td
              class="px-2 text-right"
            >
              ₹92,911.00
            </td>
            <td
              class="px-2 text-right"
            >
              ₹92,911.00
            </td>
          </tr>
          <tr
            class=""
          >
            <td
              class="px-2 py-1.5 pl-4"
            >
              Sample Business 1
            </td>
            <td
              class="px-2 text-right"
            >
              ₹11,039.00
            </td>
            <td
              class="px-2 text-right"
            >
              ₹11,039.00
            </td>
          </tr>
          <tr
            class="border-solid border-gray-400 border-y bg-sky-100"
          >
            <td
              class="px-2 py-1.5 pl-4"
            >
              Total Bank
            </td>
            <td
              class="px-2 text-right"
            >
              ₹1,04,076.70
            </td>
            <td
              class="px-2 text-right"
            >
              ₹1,04,049.60
            </td>
          </tr>
          <tr>
            <td
              class="py-2"
              colspan="3"
            >
              <div
                class="font-semibold text-2xl"
                data-testid="section-title"
              >
                Liabilities
              </div>
            </td>
          </tr>
          <tr>
            <td
              class="py-2"
              colspan="3"
            >
              <div
                class="text-xl font-semibold pl-4"
                data-testid="section-title"
              >
                Current Liabilities
              </div>
            </td>
          </tr>
          <tr
            class=""
          >
            <td
              class="px-2 py-1.5 pl-4"
            >
              Car Loan
            </td>
            <td
              class="px-2 text-right"
            >
              ₹8,000.00
            </td>
            <td
              class="px-2 text-right"
            >
              ₹8,000.00
            </td>
          </tr>
          <tr>
            <td
              class="py-2"
              colspan="3"
            >
              <div
                class="text-xl font-semibold"
                data-testid="section-title"
              />
            </td>
          </tr>
          <tr
            class="bg-sky-100 text-lg font-semibold uppercase tracking-tight"
          >
            <td
              class="px-2 py-4"
            >
              Total Current Liabilities
            </td>
            <td
              class="px-2 text-right py-4"
            >
              ₹8,000.00
            </td>
            <td
              class="px-2 text-right py-4"
            >
              ₹8,000.00
            </td>
          </tr>
        </tbody>
      </table>
    </div>
  </main>
</DocumentFragment>"
`;
